<html>
<body>
<pre>
<h1>礦ision Build Log</h1>
<h2>Tool Versions:</h2>
IDE-Version: μVision V5.30.0.0
Copyright (C) 2020 ARM Ltd and ARM Germany GmbH. All rights reserved.
License Information: f py, 1, LIC=EXJT4-FNLB3-011P1-CHQGQ-V3YT0-4RMNB
 
Tool Versions:
Toolchain:       MDK-ARM Plus  Version: 5.30.0.0
Toolchain Path:  C:\Keil_v5\ARM\ARMCC\Bin
C Compiler:      Armcc.exe V5.06 update 6 (build 750)
Assembler:       Armasm.exe V5.06 update 6 (build 750)
Linker/Locator:  ArmLink.exe V5.06 update 6 (build 750)
Library Manager: ArmAr.exe V5.06 update 6 (build 750)
Hex Converter:   FromElf.exe V5.06 update 6 (build 750)
CPU DLL:         SARMCM3.DLL V5.30.0.0
Dialog DLL:      DCM.DLL V1.17.3.0
Target DLL:      Segger\JL2CM3.dll V2.99.38.0
Dialog DLL:      TCM.DLL V1.42.0.0
 
<h2>Project:</h2>
F:\workspace\GITHUB\SmartBox-Sample-DoubleRelay-407\SmartBox-Sample-DoubleRelay-407VG\SmartBox_hw1.7 - boot\MDK-ARM\SmartBox.uvprojx
Project File Date:  09/09/2022

<h2>Output:</h2>
*** Using Compiler 'V5.06 update 6 (build 750)', folder: 'C:\Keil_v5\ARM\ARMCC\Bin'
Build target 'SmartBox'
assembling startup_stm32f407xx.s...
compiling stm32f4xx_hal_timebase_tim.c...
compiling gpio.c...
compiling stm32f4xx_it.c...
compiling stm32f4xx_hal_flash.c...
compiling stm32f4xx_hal_flash_ex.c...
compiling usart.c...
compiling main.c...
compiling stm32f4xx_hal_eth.c...
compiling stm32f4xx_hal_rcc.c...
compiling iwdg.c...
compiling stm32f4xx_hal_rcc_ex.c...
compiling stm32f4xx_hal_msp.c...
compiling stm32f4xx_hal_flash_ramfunc.c...
compiling stm32f4xx_hal_dma_ex.c...
compiling stm32f4xx_hal_pwr.c...
compiling stm32f4xx_hal_cortex.c...
compiling stm32f4xx_hal_dma.c...
compiling stm32f4xx_hal_gpio.c...
compiling stm32f4xx_hal_pwr_ex.c...
compiling stm32f4xx_hal_rtc.c...
compiling stm32f4xx_hal.c...
compiling stm32f4xx_hal_exti.c...
compiling mystring.c...
compiling stm32f4xx_hal_iwdg.c...
compiling Unixtimer.c...
compiling stm32f4xx_hal_rtc_ex.c...
compiling md5.c...
..\MyMiddleware\inc\md5.h(50): warning:  #1-D: last line of file ends without a newline
  #endif
..\MyMiddleware\src\md5.c(162): warning:  #1-D: last line of file ends without a newline
  }
..\MyMiddleware\src\md5.c: 2 warnings, 0 errors
compiling stm32f4xx_hal_spi.c...
compiling system_stm32f4xx.c...
compiling stm32f4xx_hal_tim_ex.c...
compiling stm32f4xx_hal_tim.c...
compiling CRC16.c...
compiling MyFlash.c...
..\App\src\MyFlash.c(16): warning:  #940-D: missing return statement at end of non-void function "MyFLASH_Unlock" 
  }
..\App\src\MyFlash.c(21): warning:  #940-D: missing return statement at end of non-void function "MyFLASH_Lock" 
  }
..\App\src\MyFlash.c(301): warning:  #177-D: variable "i"  was declared but never referenced
  	uint32_t i;
..\App\src\MyFlash.c(302): warning:  #177-D: variable "ucRet"  was declared but never referenced
  	uint8_t ucRet;
..\App\src\MyFlash.c: 4 warnings, 0 errors
compiling stm32f4xx_hal_uart.c...
compiling w25qxx.c...
..\App\src\w25qxx.c(39): warning:  #188-D: enumerated type mixed with another type
  	HAL_GPIO_WritePin(W25Q80_WP_GPIO_Port, W25Q80_WP_Pin, 1);
..\App\src\w25qxx.c(40): warning:  #188-D: enumerated type mixed with another type
  	HAL_GPIO_WritePin(W25Q80_HOLD_GPIO_Port, W25Q80_HOLD_Pin, 1);
..\App\src\w25qxx.c(42): warning:  #188-D: enumerated type mixed with another type
  	W25QXX_CS(1);			                //SPI FLASH不选中
..\App\src\w25qxx.c(57): warning:  #188-D: enumerated type mixed with another type
  			W25QXX_CS(0); 			        //选中
..\App\src\w25qxx.c(59): warning:  #188-D: enumerated type mixed with another type
  			W25QXX_CS(1);       		        //取消片选   
..\App\src\w25qxx.c(99): warning:  #188-D: enumerated type mixed with another type
  	W25QXX_CS(0);                            //使能器件   
..\App\src\w25qxx.c(102): warning:  #188-D: enumerated type mixed with another type
  	W25QXX_CS(1);                           //取消片选     
..\App\src\w25qxx.c(124): warning:  #188-D: enumerated type mixed with another type
  	W25QXX_CS(0);                           //使能器件   
..\App\src\w25qxx.c(127): warning:  #188-D: enumerated type mixed with another type
  	W25QXX_CS(1);                           //取消片选     	      
..\App\src\w25qxx.c(133): warning:  #188-D: enumerated type mixed with another type
  	W25QXX_CS(0);                            //使能器件   
..\App\src\w25qxx.c(135): warning:  #188-D: enumerated type mixed with another type
  	W25QXX_CS(1);                            //取消片选     	      
..\App\src\w25qxx.c(141): warning:  #188-D: enumerated type mixed with another type
  	W25QXX_CS(0);                            //使能器件   
..\App\src\w25qxx.c(143): warning:  #188-D: enumerated type mixed with another type
  	W25QXX_CS(1);                            //取消片选     	      
..\App\src\w25qxx.c(157): warning:  #188-D: enumerated type mixed with another type
  	W25QXX_CS(0);				    
..\App\src\w25qxx.c(164): warning:  #188-D: enumerated type mixed with another type
  	W25QXX_CS(1);				    
..\App\src\w25qxx.c(175): warning:  #188-D: enumerated type mixed with another type
  	W25QXX_CS(0);                            //使能器件   
..\App\src\w25qxx.c(188): warning:  #188-D: enumerated type mixed with another type
  	W25QXX_CS(1);  				    	      
..\App\src\w25qxx.c(199): warning:  #188-D: enumerated type mixed with another type
  	W25QXX_CS(0);                            //使能器件   
..\App\src\w25qxx.c(209): warning:  #188-D: enumerated type mixed with another type
  	W25QXX_CS(1);                            //取消片选 
..\App\src\w25qxx.c(297): warning:  #188-D: enumerated type mixed with another type
    	W25QXX_CS(0);                            //使能器件   
..\App\src\w25qxx.c(299): warning:  #188-D: enumerated type mixed with another type
  	W25QXX_CS(1);                            //取消片选     	      
..\App\src\w25qxx.c(313): warning:  #188-D: enumerated type mixed with another type
    	W25QXX_CS(0);                            //使能器件   
..\App\src\w25qxx.c(322): warning:  #188-D: enumerated type mixed with another type
  	W25QXX_CS(1);                            //取消片选     	      
..\App\src\w25qxx.c(344): warning:  #188-D: enumerated type mixed with another type
    	W25QXX_CS(0);                            //使能器件   
..\App\src\w25qxx.c(346): warning:  #188-D: enumerated type mixed with another type
  	W25QXX_CS(1);                            //取消片选     	      
..\App\src\w25qxx.c(352): warning:  #188-D: enumerated type mixed with another type
    	W25QXX_CS(0);                                //使能器件   
..\App\src\w25qxx.c(354): warning:  #188-D: enumerated type mixed with another type
  	W25QXX_CS(1);                                //取消片选     	      
..\App\src\w25qxx.c: 27 warnings, 0 errors
compiling IAP.c...
..\MyMiddleware\inc\md5.h(50): warning:  #1-D: last line of file ends without a newline
  #endif
..\MyMiddleware\src\IAP.c(218): warning:  #177-D: variable "calculate_md5"  was declared but never referenced
  	uint8_t calculate_md5[16] = {0};
..\MyMiddleware\src\IAP.c(315): warning:  #177-D: variable "upcrc"  was declared but never referenced
  	uint16_t upcrc,crc,i,pagenum;
..\MyMiddleware\src\IAP.c(315): warning:  #177-D: variable "crc"  was declared but never referenced
  	uint16_t upcrc,crc,i,pagenum;
..\MyMiddleware\src\IAP.c(389): warning:  #177-D: variable "programcrc"  was declared but never referenced
  	uint16_t programcrc,codecrc;
..\MyMiddleware\src\IAP.c(389): warning:  #177-D: variable "codecrc"  was declared but never referenced
  	uint16_t programcrc,codecrc;
..\MyMiddleware\src\IAP.c(395): warning:  #177-D: variable "PageAddres"  was declared but never referenced
  	uint32_t PageAddres;
..\MyMiddleware\src\IAP.c(396): warning:  #177-D: variable "code_size"  was declared but never referenced
  	uint32_t code_size = CODE_SIZE;
..\MyMiddleware\src\IAP.c(504): warning:  #177-D: variable "crc16"  was declared but never referenced
  	uint16_t crc16=0xffff;
..\MyMiddleware\src\IAP.c(599): warning:  #177-D: function "IAP_Read_Program_Flash"  was declared but never referenced
  static void IAP_Read_Program_Flash(uint32_t Startaddr, uint8_t *date, uint16_t len)
..\MyMiddleware\src\IAP.c(669): warning:  #177-D: function "IAP_Write_Updata_Flash"  was declared but never referenced
  static void IAP_Write_Updata_Flash(uint32_t Startaddr, uint8_t *date, uint16_t len)
..\MyMiddleware\src\IAP.c(575): warning:  #177-D: function "EraseEXPage"  was declared but never referenced
  static void EraseEXPage(uint32_t Startaddr)
..\MyMiddleware\src\IAP.c(564): warning:  #177-D: function "ErasePage"  was declared but never referenced
  static void ErasePage(uint32_t Startaddr,uint32_t Endadd)
..\MyMiddleware\src\IAP.c(583): warning:  #177-D: function "IAP_Read_EX_Flash"  was declared but never referenced
  static void IAP_Read_EX_Flash(uint32_t Startaddr, uint8_t *date, uint16_t len)
..\MyMiddleware\src\IAP.c(590): warning:  #177-D: function "IAP_Write_EX_Flash"  was declared but never referenced
  static void IAP_Write_EX_Flash(uint32_t Startaddr, uint8_t *date, uint16_t len)
..\MyMiddleware\src\IAP.c: 15 warnings, 0 errors
compiling bsp_spi.c...
linking...
Program Size: Code=17736 RO-data=448 RW-data=88 ZI-data=10928  
FromELF: creating hex file...
After Build - User command #1: C:\Keil_v5\ARM\ARMCC\bin\fromelf.exe --bin --output ./SmartBox-Boot.bin ./Output/SmartBox-Boot.axf
".\Output\SmartBox-Boot.axf" - 0 Error(s), 48 Warning(s).

<h2>Software Packages used:</h2>

Package Vendor: ARM
                http://www.keil.com/pack/ARM.CMSIS.5.7.0.pack
                ARM.CMSIS.5.7.0
                CMSIS (Cortex Microcontroller Software Interface Standard)
   * Component: CORE Version: 5.4.0

Package Vendor: Keil
                http://www.keil.com/pack/Keil.STM32F4xx_DFP.2.13.0.pack
                Keil.STM32F4xx_DFP.2.13.0
                STMicroelectronics STM32F4 Series Device Support, Drivers and Examples

<h2>Collection of Component include folders:</h2>
  .\RTE\_SmartBox
  C:\Users\A\AppData\Local\Arm\Packs\ARM\CMSIS\5.7.0\CMSIS\Core\Include
  C:\Users\A\AppData\Local\Arm\Packs\Keil\STM32F4xx_DFP\2.13.0\Drivers\CMSIS\Device\ST\STM32F4xx\Include

<h2>Collection of Component Files used:</h2>

   * Component: ARM::CMSIS:CORE:5.4.0
Build Time Elapsed:  00:00:14
</pre>
</body>
</html>
