<html>
<body>
<pre>
<h1>礦ision Build Log</h1>
<h2>Tool Versions:</h2>
IDE-Version: μVision V5.30.0.0
Copyright (C) 2020 ARM Ltd and ARM Germany GmbH. All rights reserved.
License Information: f py, 1, LIC=EXJT4-FNLB3-011P1-CHQGQ-V3YT0-4RMNB
 
Tool Versions:
Toolchain:       MDK-ARM Plus  Version: 5.30.0.0
Toolchain Path:  C:\Keil_v5\ARM\ARMCC\Bin
C Compiler:      Armcc.exe V5.06 update 6 (build 750)
Assembler:       Armasm.exe V5.06 update 6 (build 750)
Linker/Locator:  ArmLink.exe V5.06 update 6 (build 750)
Library Manager: ArmAr.exe V5.06 update 6 (build 750)
Hex Converter:   FromElf.exe V5.06 update 6 (build 750)
CPU DLL:         SARMCM3.DLL V5.30.0.0
Dialog DLL:      DCM.DLL V1.17.3.0
Target DLL:      Segger\JL2CM3.dll V2.99.38.0
Dialog DLL:      TCM.DLL V1.42.0.0
 
<h2>Project:</h2>
F:\workspace\GITHUB\SmartBox-Sample-DoubleRelay-407\SmartBox-Sample-DoubleRelay-407VG\SmartBox_hw1.7 - softspi\MDK-ARM\SampleBox.uvprojx
Project File Date:  01/09/2023

<h2>Output:</h2>
*** Using Compiler 'V5.06 update 6 (build 750)', folder: 'C:\Keil_v5\ARM\ARMCC\Bin'
Build target 'SmartBox'
assembling startup_stm32f407xx.s...
compiling stm32f4xx_hal_timebase_tim.c...
compiling iwdg.c...
compiling tim.c...
compiling stm32f4xx_hal_msp.c...
compiling rtc.c...
compiling gpio.c...
compiling freertos.c...
compiling stm32f4xx_it.c...
compiling usart.c...
compiling lwip.c...
compiling ethernetif.c...
compiling main.c...
compiling stm32f4xx_hal_flash_ramfunc.c...
compiling stm32f4xx_hal_flash.c...
compiling stm32f4xx_hal_dma.c...
compiling stm32f4xx_hal_flash_ex.c...
compiling stm32f4xx_hal_gpio.c...
compiling stm32f4xx_hal_rcc_ex.c...
compiling stm32f4xx_hal_eth.c...
compiling stm32f4xx_hal_pwr.c...
compiling stm32f4xx_hal_dma_ex.c...
compiling stm32f4xx_hal_pwr_ex.c...
compiling stm32f4xx_hal_cortex.c...
compiling stm32f4xx_hal_rcc.c...
compiling stm32f4xx_hal.c...
compiling stm32f4xx_hal_exti.c...
compiling stm32f4xx_hal_iwdg.c...
compiling stm32f4xx_hal_rtc.c...
compiling system_stm32f4xx.c...
compiling croutine.c...
compiling list.c...
compiling event_groups.c...
compiling stm32f4xx_hal_adc_ex.c...
compiling stm32f4xx_hal_tim_ex.c...
compiling stm32f4xx_hal_rtc_ex.c...
compiling stm32f4xx_hal_adc.c...
compiling stm32f4xx_hal_uart.c...
compiling timers.c...
compiling stm32f4xx_hal_spi.c...
compiling heap_4.c...
compiling queue.c...
compiling stream_buffer.c...
compiling port.c...
compiling stm32f4xx_hal_tim.c...
compiling tasks.c...
compiling cmsis_os.c...
compiling ccp.c...
compiling chap-md5.c...
compiling eap.c...
compiling auth.c...
compiling chap_ms.c...
compiling demand.c...
compiling ipcp.c...
compiling ipv6cp.c...
compiling fsm.c...
compiling lcp.c...
compiling chap-new.c...
compiling eui64.c...
compiling magic.c...
compiling ppp.c...
compiling pppapi.c...
compiling multilink.c...
compiling mppe.c...
compiling pppos.c...
compiling pppcrypt.c...
compiling pppoe.c...
compiling vj.c...
compiling utils.c...
compiling upap.c...
compiling pppol2tp.c...
compiling ecp.c...
compiling lowpan6_common.c...
compiling lowpan6.c...
compiling zepif.c...
compiling lowpan6_ble.c...
compiling ethernet.c...
compiling err.c...
compiling bridgeif_fdb.c...
compiling bridgeif.c...
compiling slipif.c...
compiling api_lib.c...
compiling api_msg.c...
compiling netifapi.c...
compiling altcp_tcp.c...
compiling altcp_alloc.c...
compiling netbuf.c...
compiling def.c...
compiling altcp.c...
compiling if_api.c...
compiling inet_chksum.c...
compiling tcpip.c...
compiling netdb.c...
compiling dns.c...
compiling sockets.c...
compiling raw.c...
compiling ip.c...
compiling stats.c...
compiling sys.c...
compiling mem.c...
compiling netif.c...
compiling memp.c...
compiling init.c...
compiling pbuf.c...
compiling tcp.c...
compiling tcp_in.c...
compiling tcp_out.c...
compiling autoip.c...
compiling igmp.c...
compiling dhcp6.c...
compiling ethip6.c...
compiling udp.c...
compiling icmp.c...
compiling ip4_addr.c...
compiling timeouts.c...
compiling etharp.c...
compiling ip4_frag.c...
compiling ip4.c...
compiling dhcp.c...
compiling icmp6.c...
compiling bsp_spi.c...
compiling bsp_key.c...
compiling mld6.c...
compiling ip6.c...
compiling nd6.c...
compiling inet6.c...
compiling ip6_addr.c...
compiling ip6_frag.c...
compiling sys_arch.c...
compiling Environment_data.c...
..\App\src\Environment_data.c(784): warning:  #177-D: variable "energy_save_tick"  was declared but never referenced
  	uint32_t energy_save_tick = 0;
..\App\src\Environment_data.c: 1 warning, 0 errors
compiling mqtt.c...
compiling Protocol.c...
compiling MyFlash.c...
compiling IDConfig.c...
..\App\src\IDConfig.c(144): warning:  #188-D: enumerated type mixed with another type
  		REL_Write(i+1, LedStatus[i]);
..\App\src\IDConfig.c(144): warning:  #188-D: enumerated type mixed with another type
  		REL_Write(i+1, LedStatus[i]);
..\App\src\IDConfig.c(29): warning:  #177-D: variable "tmp_v"  was declared but never referenced
  	uint32_t *tmp_v;
..\App\src\IDConfig.c(30): warning:  #177-D: variable "tmp_i"  was declared but never referenced
  	uint32_t *tmp_i;
..\App\src\IDConfig.c: 4 warnings, 0 errors
compiling w25qxx.c...
..\App\src\w25qxx.c(40): warning:  #188-D: enumerated type mixed with another type
  	HAL_GPIO_WritePin(W25Q80_WP_GPIO_Port, W25Q80_WP_Pin, 1);
..\App\src\w25qxx.c(41): warning:  #188-D: enumerated type mixed with another type
  	HAL_GPIO_WritePin(W25Q80_HOLD_GPIO_Port, W25Q80_HOLD_Pin, 1);
..\App\src\w25qxx.c(43): warning:  #188-D: enumerated type mixed with another type
  	W25QXX_CS(1);			                //SPI FLASH不选中
..\App\src\w25qxx.c(59): warning:  #188-D: enumerated type mixed with another type
  			W25QXX_CS(0); 			        //选中
..\App\src\w25qxx.c(61): warning:  #188-D: enumerated type mixed with another type
  			W25QXX_CS(1);       		        //取消片选   
..\App\src\w25qxx.c(110): warning:  #188-D: enumerated type mixed with another type
  	W25QXX_CS(0);                            //使能器件   
..\App\src\w25qxx.c(113): warning:  #188-D: enumerated type mixed with another type
  	W25QXX_CS(1);                           //取消片选     
..\App\src\w25qxx.c(135): warning:  #188-D: enumerated type mixed with another type
  	W25QXX_CS(0);                           //使能器件   
..\App\src\w25qxx.c(138): warning:  #188-D: enumerated type mixed with another type
  	W25QXX_CS(1);                           //取消片选     	      
..\App\src\w25qxx.c(144): warning:  #188-D: enumerated type mixed with another type
  	W25QXX_CS(0);                            //使能器件   
..\App\src\w25qxx.c(146): warning:  #188-D: enumerated type mixed with another type
  	W25QXX_CS(1);                            //取消片选     	      
..\App\src\w25qxx.c(152): warning:  #188-D: enumerated type mixed with another type
  	W25QXX_CS(0);                            //使能器件   
..\App\src\w25qxx.c(154): warning:  #188-D: enumerated type mixed with another type
  	W25QXX_CS(1);                            //取消片选     	      
..\App\src\w25qxx.c(168): warning:  #188-D: enumerated type mixed with another type
  	W25QXX_CS(0);				    
..\App\src\w25qxx.c(175): warning:  #188-D: enumerated type mixed with another type
  	W25QXX_CS(1);				    
..\App\src\w25qxx.c(186): warning:  #188-D: enumerated type mixed with another type
  	W25QXX_CS(0);                            //使能器件   
..\App\src\w25qxx.c(199): warning:  #188-D: enumerated type mixed with another type
  	W25QXX_CS(1);  				    	      
..\App\src\w25qxx.c(210): warning:  #188-D: enumerated type mixed with another type
  	W25QXX_CS(0);                            //使能器件   
..\App\src\w25qxx.c(220): warning:  #188-D: enumerated type mixed with another type
  	W25QXX_CS(1);                            //取消片选 
..\App\src\w25qxx.c(308): warning:  #188-D: enumerated type mixed with another type
    	W25QXX_CS(0);                            //使能器件   
..\App\src\w25qxx.c(310): warning:  #188-D: enumerated type mixed with another type
  	W25QXX_CS(1);                            //取消片选     	      
..\App\src\w25qxx.c(324): warning:  #188-D: enumerated type mixed with another type
    	W25QXX_CS(0);                            //使能器件   
..\App\src\w25qxx.c(333): warning:  #188-D: enumerated type mixed with another type
  	W25QXX_CS(1);                            //取消片选     	      
..\App\src\w25qxx.c(355): warning:  #188-D: enumerated type mixed with another type
    	W25QXX_CS(0);                            //使能器件   
..\App\src\w25qxx.c(357): warning:  #188-D: enumerated type mixed with another type
  	W25QXX_CS(1);                            //取消片选     	      
..\App\src\w25qxx.c(363): warning:  #188-D: enumerated type mixed with another type
    	W25QXX_CS(0);                                //使能器件   
..\App\src\w25qxx.c(365): warning:  #188-D: enumerated type mixed with another type
  	W25QXX_CS(1);                                //取消片选     	      
..\App\src\w25qxx.c: 27 warnings, 0 errors
compiling RemoteUpdata.c...
..\App\src\RemoteUpdata.c(56): warning:  #177-D: variable "md5temp"  was declared but never referenced
  		uint8_t md5temp[32];
..\App\src\RemoteUpdata.c(47): warning:  #550-D: variable "time_stamp"  was set but never used
  	uint32_t time_stamp = 0;//时间戳
..\App\src\RemoteUpdata.c(258): warning:  #940-D: missing return statement at end of non-void function "RemoteUpDataByEth" 
  }
..\App\src\RemoteUpdata.c: 3 warnings, 0 errors
compiling Led_App.c...
..\App\src\Led_App.c(241): warning:  #188-D: enumerated type mixed with another type
  		REL_Write(led_num, LedStatus[led_num-1]);	//打开继电器电源
..\App\src\Led_App.c(241): warning:  #188-D: enumerated type mixed with another type
  		REL_Write(led_num, LedStatus[led_num-1]);	//打开继电器电源
..\App\src\Led_App.c(293): warning:  #188-D: enumerated type mixed with another type
  		Led1_Write(0);
..\App\src\Led_App.c(297): warning:  #188-D: enumerated type mixed with another type
  		Led1_Write(1);
..\App\src\Led_App.c(302): warning:  #188-D: enumerated type mixed with another type
  		Led2_Write(0);
..\App\src\Led_App.c(306): warning:  #188-D: enumerated type mixed with another type
  		Led2_Write(1);
..\App\src\Led_App.c: 6 warnings, 0 errors
compiling mystring.c...
..\MyMiddleware\src\mystring.c(9): warning:  #550-D: variable "tmp3"  was set but never used
  static double tmp0,tmp1,tmp2,tmp3;
..\MyMiddleware\src\mystring.c: 1 warning, 0 errors
compiling WaterLevelMonitor.c...
compiling Unixtimer.c...
compiling Uart_App.c...
..\App\src\Uart_App.c(216): warning:  #177-D: variable "tmp_angle_xy"  was declared but never referenced
  			int16_t tmp_angle_xy;
..\App\src\Uart_App.c(272): warning:  #177-D: variable "x"  was declared but never referenced
  		int32_t x,y;
..\App\src\Uart_App.c(272): warning:  #177-D: variable "y"  was declared but never referenced
  		int32_t x,y;
..\App\src\Uart_App.c: 3 warnings, 0 errors
compiling BL0942.c...
..\App\src\BL0942.c(89): warning:  #188-D: enumerated type mixed with another type
      BL0942_1_CS(1);
..\App\src\BL0942.c(90): warning:  #188-D: enumerated type mixed with another type
      BL0942_2_CS(1);
..\App\src\BL0942.c(91): warning:  #188-D: enumerated type mixed with another type
  	SPI_SCLK(0);
..\App\src\BL0942.c(92): warning:  #188-D: enumerated type mixed with another type
  	SPI_MOSI(0);
..\App\src\BL0942.c(404): warning:  #188-D: enumerated type mixed with another type
          BL0942_1_CS(0);
..\App\src\BL0942.c(414): warning:  #188-D: enumerated type mixed with another type
          BL0942_2_CS(0);
..\App\src\BL0942.c(486): warning:  #188-D: enumerated type mixed with another type
          BL0942_1_CS(1);
..\App\src\BL0942.c(492): warning:  #188-D: enumerated type mixed with another type
          BL0942_2_CS(1);
..\App\src\BL0942.c(397): warning:  #550-D: variable "sign_WATT"  was set but never used
      bool sign_WATT=(bool)0;					//有功功率的符号位，0表示正功，1表示负功
..\App\src\BL0942.c(507): warning:  #188-D: enumerated type mixed with another type
          BL0942_1_CS(0);
..\App\src\BL0942.c(517): warning:  #188-D: enumerated type mixed with another type
          BL0942_2_CS(0);
..\App\src\BL0942.c(597): warning:  #188-D: enumerated type mixed with another type
          BL0942_1_CS(1);
..\App\src\BL0942.c(602): warning:  #188-D: enumerated type mixed with another type
          BL0942_2_CS(1);
..\App\src\BL0942.c(502): warning:  #550-D: variable "ele_tmp"  was set but never used
      Elect_StructDef *ele_tmp;
..\App\src\BL0942.c(628): warning:  #188-D: enumerated type mixed with another type
          BL0942_1_CS(0);
..\App\src\BL0942.c(638): warning:  #188-D: enumerated type mixed with another type
          BL0942_2_CS(0);
..\App\src\BL0942.c(727): warning:  #188-D: enumerated type mixed with another type
          BL0942_1_CS(1);
..\App\src\BL0942.c(732): warning:  #188-D: enumerated type mixed with another type
          BL0942_2_CS(1);
..\App\src\BL0942.c(620): warning:  #550-D: variable "sign_WATT"  was set but never used
      bool sign_WATT=(bool)0;					//有功功率的符号位，0表示正功，1表示负功
..\App\src\BL0942.c(746): warning:  #188-D: enumerated type mixed with another type
          BL0942_1_CS(0);
..\App\src\BL0942.c(755): warning:  #188-D: enumerated type mixed with another type
          BL0942_2_CS(0);
..\App\src\BL0942.c(774): warning:  #188-D: enumerated type mixed with another type
          BL0942_1_CS(1);
..\App\src\BL0942.c(779): warning:  #188-D: enumerated type mixed with another type
          BL0942_2_CS(1);
..\App\src\BL0942.c: 23 warnings, 0 errors
compiling UdpDevSearch.c...
..\App\src\UdpDevSearch.c(56): warning:  #940-D: missing return statement at end of non-void function "UdpDevSearch_Server_Init" 
  }
..\App\src\UdpDevSearch.c(85): warning:  #940-D: missing return statement at end of non-void function "UdpDevSearch_Clint_Init" 
  }
..\App\src\UdpDevSearch.c: 2 warnings, 0 errors
compiling socketserver.c...
..\App\src\socketserver.c(87): warning:  #177-D: variable "addrlen"  was declared but never referenced
  		socklen_t  addrlen; 
..\App\src\socketserver.c(441): warning:  #177-D: variable "reuseaddr"  was declared but never referenced
  	int32_t reuseaddr = 1; // 开启reuseaddr属性
..\App\src\socketserver.c(442): warning:  #177-D: variable "bDontLinger"  was declared but never referenced
  	int32_t bDontLinger = 0; 
..\App\src\socketserver.c(444): warning:  #177-D: variable "keepIdle"  was declared but never referenced
  	int32_t keepIdle =  60; // 如该连接在60秒内没有任何数据往来,则进行探测
..\App\src\socketserver.c(445): warning:  #177-D: variable "keepInterval"  was declared but never referenced
  	int32_t keepInterval = 1; // 探测时发包的时间间隔为1 秒
..\App\src\socketserver.c(446): warning:  #177-D: variable "keepCount"  was declared but never referenced
  	int32_t keepCount = 3; // 探测尝试的次数.如果第1次探测包就收到响应了,则后2次的不再发.
..\App\src\socketserver.c(648): warning:  #550-D: variable "select_cnt"  was set but never used
  		uint8_t select_cnt = 0;
..\App\src\socketserver.c(550): warning:  #177-D: variable "reuseaddr"  was declared but never referenced
  	int32_t reuseaddr = 1; // 开启reuseaddr属性
..\App\src\socketserver.c(551): warning:  #177-D: variable "bDontLinger"  was declared but never referenced
  	int32_t bDontLinger = 0; 
..\App\src\socketserver.c(553): warning:  #177-D: variable "keepIdle"  was declared but never referenced
  	int32_t keepIdle =  60; // 如该连接在60秒内没有任何数据往来,则进行探测
..\App\src\socketserver.c(554): warning:  #177-D: variable "keepInterval"  was declared but never referenced
  	int32_t keepInterval = 1; // 探测时发包的时间间隔为1 秒
..\App\src\socketserver.c(555): warning:  #177-D: variable "keepCount"  was declared but never referenced
  	int32_t keepCount = 3; // 探测尝试的次数.如果第1次探测包就收到响应了,则后2次的不再发.
..\App\src\socketserver.c(622): warning:  #177-D: label "socketconnect_again"  was declared but never referenced
  socketconnect_again:	
..\App\src\socketserver.c(656): warning:  #177-D: label "select_again"  was declared but never referenced
  		select_again:
..\App\src\socketserver.c(757): warning:  #177-D: variable "tmp"  was declared but never referenced
  		uint8_t tmp = 1;
..\App\src\socketserver.c(749): warning:  #177-D: variable "server_addr"  was declared but never referenced
  	struct sockaddr_in server_addr;
..\App\src\socketserver.c(750): warning:  #177-D: variable "recvFlag"  was declared but never referenced
  	int recvFlag = MSG_DONTWAIT;
..\App\src\socketserver.c: 17 warnings, 0 errors
assembling cmb_fault.S...
compiling Platform.c...
..\App\src\Platform.c(231): warning:  #550-D: variable "energy"  was set but never used
  					uint32_t energy[LED_NUM];
..\App\src\Platform.c(634): warning:  #177-D: variable "energy"  was declared but never referenced
  	uint32_t energy[LED_NUM];
..\App\src\Platform.c: 2 warnings, 0 errors
compiling fault_test.c...
..\cm_backtrace\tt\src\fault_test.c(38): warning: C4018W: division by zero: /
    z = x / y;
..\cm_backtrace\tt\src\fault_test.c: 1 warning, 0 errors
compiling md5.c...
compiling cm_backtrace.c...
compiling TempADC_APP.c...
..\App\src\TempADC_APP.c(111): warning:  #1035-D: single-precision operand implicitly converted to double-precision
  	temperate=(double)((float)adcx*3.3)/4096;
..\App\src\TempADC_APP.c: 1 warning, 0 errors
compiling IAP.c...
..\MyMiddleware\src\IAP.c(218): warning:  #177-D: variable "calculate_md5"  was declared but never referenced
  	uint8_t calculate_md5[16] = {0};
..\MyMiddleware\src\IAP.c(315): warning:  #177-D: variable "upcrc"  was declared but never referenced
  	uint16_t upcrc,crc,i,pagenum;
..\MyMiddleware\src\IAP.c(315): warning:  #177-D: variable "crc"  was declared but never referenced
  	uint16_t upcrc,crc,i,pagenum;
..\MyMiddleware\src\IAP.c(389): warning:  #177-D: variable "programcrc"  was declared but never referenced
  	uint16_t programcrc,codecrc;
..\MyMiddleware\src\IAP.c(389): warning:  #177-D: variable "codecrc"  was declared but never referenced
  	uint16_t programcrc,codecrc;
..\MyMiddleware\src\IAP.c(395): warning:  #177-D: variable "PageAddres"  was declared but never referenced
  	uint32_t PageAddres;
..\MyMiddleware\src\IAP.c(396): warning:  #177-D: variable "code_size"  was declared but never referenced
  	uint32_t code_size = CODE_SIZE;
..\MyMiddleware\src\IAP.c(504): warning:  #177-D: variable "crc16"  was declared but never referenced
  	uint16_t crc16=0xffff;
..\MyMiddleware\src\IAP.c(599): warning:  #177-D: function "IAP_Read_Program_Flash"  was declared but never referenced
  static void IAP_Read_Program_Flash(uint32_t Startaddr, uint8_t *date, uint16_t len)
..\MyMiddleware\src\IAP.c(669): warning:  #177-D: function "IAP_Write_Updata_Flash"  was declared but never referenced
  static void IAP_Write_Updata_Flash(uint32_t Startaddr, uint8_t *date, uint16_t len)
..\MyMiddleware\src\IAP.c(575): warning:  #177-D: function "EraseEXPage"  was declared but never referenced
  static void EraseEXPage(uint32_t Startaddr)
..\MyMiddleware\src\IAP.c(564): warning:  #177-D: function "ErasePage"  was declared but never referenced
  static void ErasePage(uint32_t Startaddr,uint32_t Endadd)
..\MyMiddleware\src\IAP.c(583): warning:  #177-D: function "IAP_Read_EX_Flash"  was declared but never referenced
  static void IAP_Read_EX_Flash(uint32_t Startaddr, uint8_t *date, uint16_t len)
..\MyMiddleware\src\IAP.c(590): warning:  #177-D: function "IAP_Write_EX_Flash"  was declared but never referenced
  static void IAP_Write_EX_Flash(uint32_t Startaddr, uint8_t *date, uint16_t len)
..\MyMiddleware\src\IAP.c: 14 warnings, 0 errors
compiling fs.c...
compiling httpd.c...
..\web_server_demo\httpd.c(1397): warning:  #68-D: integer conversion resulted in a change of sign
  	hs->cgi_handler_index = -1;   // 此变量为本人自己在struct http_state 添加 用于保存CGI handler 索引 为-1表示无CGI handler索引
..\web_server_demo\httpd.c(1444): warning:  #68-D: integer conversion resulted in a change of sign
          hs->cgi_handler_index = -1;
..\web_server_demo\httpd.c(1448): warning:  #514-D: pointless comparison of unsigned integer with a negative constant
          if(hs->cgi_handler_index != -1) {
..\web_server_demo\httpd.c(1928): warning:  #167-D: argument of type "u8_t *" is incompatible with parameter of type "const char *"
      	file = fs_open1(data_response_buf);  //打开相应的uri文件
..\web_server_demo\httpd.c: 4 warnings, 0 errors
compiling httpd_cgi_ssi.c...
..\web_server_demo\httpd_cgi_ssi.c(274): warning:  #940-D: missing return statement at end of non-void function "NETPARA_CGI_Handler" 
  }
..\web_server_demo\httpd_cgi_ssi.c(287): warning:  #940-D: missing return statement at end of non-void function "RTCTIME_CGI_Handler" 
  }
..\web_server_demo\httpd_cgi_ssi.c(314): warning:  #177-D: variable "r"  was declared but never referenced
  		uint16_t p,q,r;
..\web_server_demo\httpd_cgi_ssi.c(317): warning:  #177-D: variable "ip"  was declared but never referenced
  		uint32_t ip = 0;
..\web_server_demo\httpd_cgi_ssi.c(794): warning:  #940-D: missing return statement at end of non-void function "Env_CGI_Handler" 
  }
..\web_server_demo\httpd_cgi_ssi.c(704): warning:  #177-D: variable "i"  was declared but never referenced
  	uint8_t i = 0;
..\web_server_demo\httpd_cgi_ssi.c(845): warning:  #940-D: missing return statement at end of non-void function "TimeCtrl_CGI_Handler" 
  }
..\web_server_demo\httpd_cgi_ssi.c(869): warning:  #177-D: variable "q"  was declared but never referenced
  		uint16_t p,q;
..\web_server_demo\httpd_cgi_ssi.c(872): warning:  #177-D: variable "temp_time"  was declared but never referenced
  		uint16_t temp_time;
..\web_server_demo\httpd_cgi_ssi.c(1132): warning:  #940-D: missing return statement at end of non-void function "LedSta_CGI_Handler" 
  }
..\web_server_demo\httpd_cgi_ssi.c: 10 warnings, 0 errors
linking...
Program Size: Code=144488 RO-data=29120 RW-data=916 ZI-data=73880  
FromELF: creating hex file...
After Build - User command #1: C:\Keil_v5\ARM\ARMCC\bin\fromelf.exe --bin --output ./Bin/SampleBox.bin ./Output/SampleBox.axf
After Build - User command #2: .\Bin\binC2.bat
F:\workspace\GITHUB\SmartBox-Sample-DoubleRelay-407\SmartBox-Sample-DoubleRelay-407VG\SmartBox_hw1.7 - softspi\MDK-ARM>锘?
'锘?' 不是内部或外部命令，也不是可运行的程序
或批处理文件。
F:\workspace\GITHUB\SmartBox-Sample-DoubleRelay-407\SmartBox-Sample-DoubleRelay-407VG\SmartBox_hw1.7 - softspi\MDK-ARM>copy Output\SampleBox.hex .\Bin\SampleBox.hex 
已复制         1 个文件。
F:\workspace\GITHUB\SmartBox-Sample-DoubleRelay-407\SmartBox-Sample-DoubleRelay-407VG\SmartBox_hw1.7 - softspi\MDK-ARM>copy "..\..\SmartBox_hw1.7 - boot\MDK-ARM\Output\SmartBox-Boot.hex" ".\Bin\SampleBox-Boot.hex" 
已复制         1 个文件。
F:\workspace\GITHUB\SmartBox-Sample-DoubleRelay-407\SmartBox-Sample-DoubleRelay-407VG\SmartBox_hw1.7 - softspi\MDK-ARM>srec_cat .\Bin\SampleBox.hex -Intel -offset -0x8020000 -o .\Bin\SampleBox.bin -Binary 
F:\workspace\GITHUB\SmartBox-Sample-DoubleRelay-407\SmartBox-Sample-DoubleRelay-407VG\SmartBox_hw1.7 - softspi\MDK-ARM>srec_cat .\Bin\SampleBox-Boot.hex -Intel -offset -0x8000000 -o .\Bin\SampleBox-Boot.bin -Binary 
F:\workspace\GITHUB\SmartBox-Sample-DoubleRelay-407\SmartBox-Sample-DoubleRelay-407VG\SmartBox_hw1.7 - softspi\MDK-ARM>srec_cat .\Bin\SampleBox-Boot.bin -binary -fill 0xFF 0x0000 0x20000 .\Bin\SampleBox.bin -binary -offset 0x20000 -o .\Bin\SampleBox-Merge.bin -Binary 
F:\workspace\GITHUB\SmartBox-Sample-DoubleRelay-407\SmartBox-Sample-DoubleRelay-407VG\SmartBox_hw1.7 - softspi\MDK-ARM>srec_cat Bin\SampleBox-Boot.hex -Intel Bin\SampleBox.hex -Intel -o Bin\SampleBox-Merge.hex -Intel 
F:\workspace\GITHUB\SmartBox-Sample-DoubleRelay-407\SmartBox-Sample-DoubleRelay-407VG\SmartBox_hw1.7 - softspi\MDK-ARM>copy Bin\SampleBox-Merge.hex .\output\SampleBox-Merge.hex 
已复制         1 个文件。
F:\workspace\GITHUB\SmartBox-Sample-DoubleRelay-407\SmartBox-Sample-DoubleRelay-407VG\SmartBox_hw1.7 - softspi\MDK-ARM>exit
".\Output\SampleBox.axf" - 0 Error(s), 119 Warning(s).

<h2>Software Packages used:</h2>

Package Vendor: ARM
                http://www.keil.com/pack/ARM.CMSIS.5.7.0.pack
                ARM.CMSIS.5.7.0
                CMSIS (Cortex Microcontroller Software Interface Standard)
   * Component: CORE Version: 5.4.0

Package Vendor: Keil
                http://www.keil.com/pack/Keil.STM32F4xx_DFP.2.13.0.pack
                Keil.STM32F4xx_DFP.2.13.0
                STMicroelectronics STM32F4 Series Device Support, Drivers and Examples

<h2>Collection of Component include folders:</h2>
  .\RTE\_SmartBox
  C:\Users\A\AppData\Local\Arm\Packs\ARM\CMSIS\5.7.0\CMSIS\Core\Include
  C:\Users\A\AppData\Local\Arm\Packs\Keil\STM32F4xx_DFP\2.13.0\Drivers\CMSIS\Device\ST\STM32F4xx\Include

<h2>Collection of Component Files used:</h2>

   * Component: ARM::CMSIS:CORE:5.4.0
Build Time Elapsed:  00:00:38
</pre>
</body>
</html>
